<!DOCTYPE html>
<!--[if lt IE 7]><html lang="ru" class="lt-ie9 lt-ie8 lt-ie7"><![endif]-->
<!--[if IE 7]><html lang="ru" class="lt-ie9 lt-ie8"><![endif]-->
<!--[if IE 8]><html lang="ru" class="lt-ie9"><![endif]-->
<!--[if gt IE 8]><!-->
<html lang="ru">
<!--<![endif]-->

<head>
    <meta charset="utf-8" />
    <title>Заголовок</title>
    <meta name="description" content="" />
    <meta http-equiv="X-UA-Compatible" content="IE=edge" />
    <meta name="viewport" content="width=device-width, initial-scale=1.0" />
    <link rel="shortcut icon" href="favicon.png" />
    <link rel="stylesheet" href="libs/bootstrap/bootstrap-grid-3.3.1.min.css" />
    <link rel="stylesheet" href="http://maxcdn.bootstrapcdn.com/font-awesome/4.3.0/css/font-awesome.min.css">
    <link rel="stylesheet" href="css/fonts.css" />
    <link rel="stylesheet" href="css/main.css" />
    <link rel="stylesheet" href="css/media.css" />
</head>

<body>
    <div class="top-bg">
        <div class="container">
            <div class="row">
                <div class="col-md-12">
                    <header class="top-header clearfix">
                        <h1 class="logo">Golden</h1>
                        <nav class="menu">
                            <ul>
                                <li><a href="#index.html">Home</a>
                                </li>
                                <li><a href="#index.html">Services</a>
                                </li>
                                <li><a href="#index.html">Portfolio</a>
                                </li>
                                <li><a href="#index.html">About</a>
                                </li>
                                <li><a href="#index.html">Contact</a>
                                </li>
                            </ul>
                        </nav>
                    </header>
                    <h3>Welcome to our studio!</h3>
                    <h2>It's nice to meet you</h2>
                    <button class="more">Tell me more</button>
                </div>
            </div>
        </div>
    </div>
    <main>
        <section class="services">
            <div class="container">
                <div class="row">
                    <div class="col-md-12">
                        <h3>Services</h3>
                        <p>Lorem ipsum dolor sit amet, consectetur.</p>
                        <div class="row">
                            <div class="col-md-4 col-sm-6">
                                <div class="services-item">
                                    <div class="services-icon__border clearfix">
                                        <div class="services-icon services-icon__commerce"></div>
                                    </div>
                                    <a href="#index.html">E-Commerce</a>
                                    <p>Lorem ipsum dolor sit amet, consectetur adipiscing elit. Vestibulum vehicula dictum lectus sit amet viverra. Morbi consequat nulla.</p>
                                </div>
                            </div>
                            <div class="col-md-4 col-sm-6">
                                <div class="services-item">
                                    <div class="services-icon__border">
                                        <div class="services-icon services-icon__security"></div>
                                    </div>
                                    <a href="#index.html">Web security</a>
                                    <p>Lorem ipsum dolor sit amet, consectetur adipiscing elit. Vestibulum vehicula dictum lectus sit amet viverra. Morbi consequat nulla.</p>
                                </div>
                            </div>
                            <div class="col-md-4 col-sm-12">
                                <div class="services-item">
                                    <div class="services-icon__border">
                                        <div class="services-icon services-icon__responsive"></div>
                                    </div>
                                    <a href="#index.html">Responsive web</a>
                                    <p>Lorem ipsum dolor sit amet, consectetur adipiscing elit. Vestibulum vehicula dictum lectus sit amet viverra. Morbi consequat nulla.</p>
                                </div>
                            </div>
                        </div>
                    </div>
                </div>
            </div>
        </section>
        <section class="portfolio">
            <div class="container">
                <div class="row">
                    <div class="col-md-12">
                        <h3>Portfolio</h3>
                        <p>Lorem ipsum dolor sit amet, consectetur.</p>
                        <div class="row">
                            <div class="col-md-4 col-sm-6">
                                <figure class="portfolio-item">
                                    <a href="#index.html"><img src="images/Portfolio-image1.jpg" alt="Ebony &amp; ivory" width="290" height="300">
                                    </a>
                                    <figcaption>
                                        <h4>Ebony &amp; ivory</h4>
                                        <p>Branding</p>
                                    </figcaption>
                                </figure>
                            </div>
                            <div class="col-md-4 col-sm-6">
                                <figure class="portfolio-item">
                                    <a href="#index.html"><img src="images/Portfolio-image2.jpg" alt="Smart stationary" width="290" height="300">
                                    </a>
                                    <figcaption>
                                        <h4>Smart stationary</h4>
                                        <p>Print design</p>
                                    </figcaption>
                                </figure>
                            </div>
                            <div class="col-md-4 col-sm-6">
                                <figure class="portfolio-item">
                                    <a href="#index.html"><img src="images/Portfolio-image3.jpg" alt="Clever poster" width="290" height="300">
                                    </a>
                                    <figcaption>
                                        <h4>Clever poster</h4>
                                        <p>Print design</p>
                                    </figcaption>
                                </figure>
                            </div>
                            <div class="col-md-4 col-sm-6">
                                <figure class="portfolio-item">
                                    <a href="#index.html"><img src="images/Portfolio-image4.jpg" alt="Vinyl record" width="290" height="300">
                                    </a>
                                    <figcaption>
                                        <h4>Vinyl record</h4>
                                        <p>Product mock-up</p>
                                    </figcaption>
                                </figure>
                            </div>
                            <div class="col-md-4 col-sm-6">
                                <figure class="portfolio-item">
                                    <a href="#index.html"><img src="images/Portfolio-image5.jpg" alt="Treehouse template" width="290" height="300">
                                    </a>
                                    <figcaption>
                                        <h4>Treehouse template</h4>
                                        <p>Web design</p>
                                    </figcaption>
                                </figure>
                            </div>
                            <div class="col-md-4 col-sm-6">
                                <figure class="portfolio-item">
                                    <a href="#index.html"><img src="images/Portfolio-image6.jpg" alt="Burned logo" width="290" height="300">
                                    </a>
                                    <figcaption>
                                        <h4>Burned logo</h4>
                                        <p>Branding</p>
                                    </figcaption>
                                </figure>
                            </div>
                        </div>
                    </div>
                </div>
            </div>
        </section>
        <section class="about">
            <div class="container">
                <div class="row">
                    <div class="col-md-12">
                        <h3>Portfolio</h3>
                        <p>Lorem ipsum dolor sit amet, consectetur.</p>
                        <div class="row">
                            <div class="col-md-4 col-sm-4 col-xs-12">
                                <article class="about-text clearfix">
                                    <h4>
                                        <span class="date">July 2010</span> <br>Our humble beginnings
                                    </h4>
                                    <p>
                                        Proin iaculis purus consequat sem cure digni ssim. Donec porttitora entum suscipit aenean rhoncus posuere odio in tincidunt. Proin iaculis purus consequat sem cure digni ssim. Donec porttitora entum suscipit aenean.
                                    </p>
                                </article>
                            </div>
                            <div class="col-md-4 col-sm-4 col-xs-12">
                                <article class="about-image">
                                    <img src="images/Image.png" alt="Beginnings">
                                </article>
                            </div>
                            <div class="col-md-4 col-sm-4 col-xs-12">
                            </div>
                        </div>
                        <div class="row">
                            <div class="col-md-4 col-sm-4 col-xs-12">

                            </div>
                            <div class="col-md-4 col-sm-4 col-xs-12">
                                <article class="about-image">
                                    <img src="images/About-image2.png" alt="Beginnings">
                                </article>
                            </div>
                            <div class="col-md-4 col-sm-4 col-xs-12">
                                <article class="about-text about-text__left clearfix">
                                    <h4>
                                        <span class="date">January 2011</span> <br>Facing startup Battles
                                    </h4>
                                    <p>
                                        Proin iaculis purus consequat sem cure digni ssim. Donec porttitora entum suscipit aenean rhoncus posuere odio in tincidunt. Proin iaculis purus consequat sem cure digni ssim. Donec porttitora entum suscipit aenean.
                                    </p>
                                </article>
                            </div>
                        </div>
                        <div class="row">
                            <div class="col-md-4 col-sm-4 col-xs-12">
                                <article class="about-text clearfix">
                                    <h4>
                                        <span class="date">December 2012</span> <br>Enter the dark days
                                    </h4>
                                    <p>
                                        Proin iaculis purus consequat sem cure digni ssim. Donec porttitora entum suscipit aenean rhoncus posuere odio in tincidunt. Proin iaculis purus consequat sem cure digni ssim. Donec porttitora entum suscipit aenean.
                                    </p>
                                </article>
                            </div>
                            <div class="col-md-4 col-sm-4 col-xs-12">
                                <article class="about-image">
                                    <img src="images/About-image3.png" alt="Beginnings">
                                </article>
                            </div>
                            <div class="col-md-4 col-sm-4 col-xs-12">
                            </div>
                        </div>
                        <div class="row">
                            <div class="col-md-4 col-sm-4 col-xs-12">

                            </div>
                            <div class="col-md-4 col-sm-4 col-xs-12">
                                <article class="about-image">
                                    <img src="images/About-image4.png" alt="Beginnings">
                                </article>
                            </div>
                            <div class="col-md-4 col-sm-4 col-xs-12">
                                <article class="about-text about-text__left clearfix">
                                    <h4>
                                        <span class="date">February 2014</span> <br>Our triumph
                                    </h4>
                                    <p>
                                        Proin iaculis purus consequat sem cure digni ssim. Donec porttitora entum suscipit aenean rhoncus posuere odio in tincidunt. Proin iaculis purus consequat sem cure digni ssim. Donec porttitora entum suscipit aenean.
                                    </p>
                                </article>
                            </div>
                        </div>
                        <div class="row">
                            <div class="col-md-12">
                                <article class="about-image">
                                    <img src="images/About-image5.png" alt="Beginnings">
                                    <h4 class="about-image__text">Our <br>story <br>continues <br>...</h4>
                                </article>
                            </div>
                        </div>
                    </div>
                </div>
            </div>
        </section>
        <section class="team">
            <div class="container">
                <div class="row">
                    <div class="col-md-12">
                        <h3>Our amazing team</h3>
                        <p>Lorem ipsum dolor sit amet, consectetur.</p>
                        <div class="row">
                            <div class="col-md-4 col-sm-6">
                                <div class="team-item">
                                    <img class="team-item__photo" src="images/team-member1.jpg" alt="">
                                    <h4>Kimberly Thompson</h4>
                                    <p>Marketer</p>
                                    <div class="team-social-icons">
                                        <a class="twitter-icon" href="#index.html"><i class="fa fa-twitter"></i></a>
                                        <a class="facebook-icon" href="#index.html"><i class="fa fa-facebook"></i></a>
                                        <a class="pinterest-icon" href="#index.html"><i class="fa fa-pinterest-p"></i></a>
                                    </div>
                                </div>
                            </div>
                            <div class="col-md-4 col-sm-6">
                                <div class="team-item">
                                    <img class="team-item__photo" src="images/team-member2.jpg" alt="">
                                    <h4>Rico Massimo</h4>
                                    <p>Coder</p>
                                    <div class="team-social-icons">
                                        <a class="twitter-icon" href="#index.html"><i class="fa fa-twitter"></i></a>
                                        <a class="facebook-icon" href="#index.html"><i class="fa fa-facebook"></i></a>
                                        <a class="google-icon" href="#index.html"><i class="fa fa-google-plus"></i></a>
                                    </div>
                                </div>
                            </div>
                            <div class="col-md-4 col-sm-12">
                                <div class="team-item">
                                    <img class="team-item__photo" src="images/team-member3.jpg" alt="">
                                    <h4>Uku Mason</h4>
                                    <p>Graphic Designer</p>
                                    <div class="team-social-icons">
                                        <a class="facebook-icon" href="#index.html"><i class="fa fa-facebook"></i></a>
                                        <a class="pinterest-icon" href="#index.html"><i class="fa fa-pinterest-p"></i></a>
                                    </div>
                                </div>
                            </div>
                        </div>
                        <p class="team-info">Proin iaculis purus consequat sem cure digni ssim. Donec porttitora entum suscipit aenean rhoncus posuere odio in tincidunt proin iaculis.</p>
                    </div>
                </div>
            </div>
        </section>
        <section class="partners">
            <div class="container">
                <div class="row">
                    <div class="col-md-12">
                        <a href="#index.html"><img src="images/Envato.png" alt="Envato">
                        </a>
                        <a href="#index.html"><img src="images/WordPress.png" alt="WordPress">
                        </a>
                        <a href="#index.html"><img src="images/Tuts+.png" alt="AETuts">
                        </a>
                        <a href="#index.html"><img src="images/Microlancer-copy.png" alt="Microlancer">
                        </a>
                    </div>
                </div>
            </div>
        </section>
        <section class="contact">
            <div class="container">
                <div class="row">
                    <div class="col-md-12">
                        <h3>Contact us</h3>
                        <p>Lorem ipsum dolor sit amet, consectetur.</p>
                        <form id="contactus" name="ContactUs">
                            <div class="clearfix">
                                <div class="inputs">
                                    <input type="text" required name="name" placeholder="Your Name*">
                                    <input type="email" required name="email" placeholder="Your E-mail*">
                                    <input type="text" name="subject" placeholder="Subject">
                                </div>
                                <textarea name="text" id="text" cols="0" rows="0" placeholder="Your Message"></textarea>
                            </div>
                            <input type="submit" value="Send message">
                        </form>
                    </div>
                </div>
            </div>
        </section>
    </main>
    <div class="container">
        <div class="row">
            <div class="col-md-12">
                <footer class="bottom-footer">
                    <div class="row">
                        <div class="col-md-3">
                            <p>© Copyright 2014 FreebiesXpress.com</p>
                        </div>
                    
                    <div class="col-md-6">
                        <div class="team-social-icons">
                            <a class="twitter-icon" href="#index.html"><i class="fa fa-twitter"></i></a>
                            <a class="facebook-icon" href="#index.html"><i class="fa fa-facebook"></i></a>
                            <a class="google-icon" href="#index.html"><i class="fa fa-google-plus"></i></a>
                            <a class="pinterest-icon" href="#index.html"><i class="fa fa-pinterest-p"></i></a>
                        </div>
                    </div>
                    </div>
                </footer>
            </div>
        </div>
    </div>
    <!--[if lt IE 9]>
	<script src="libs/html5shiv/es5-shim.min.js"></script>
	<script src="libs/html5shiv/html5shiv.min.js"></script>
	<script src="libs/html5shiv/html5shiv-printshiv.min.js"></script>
	<script src="libs/respond/respond.min.js"></script>
	<![endif]-->
    <script src="libs/jquery/jquery-1.11.1.min.js"></script>
    <script src="js/backbtn.min.js"></script>
    <script src="js/common.js"></script>
</body>

</html>